# serializer version: 1
# name: test_weather_station
  WeatherData(temperature=SensorData(name='Temperature', value=0.8, unit='°C'), humidity=SensorData(name='Humidity', value=93.0, unit='%'), pressure=SensorData(name='Pressure', value=1022.1, unit='hPa'), wind_speed=SensorData(name='Wind Speed', value=1.0, unit='m/s'), wind_direction=SensorData(name='Wind Direction', value=310.0, unit='°'), precipitation=SensorData(name='Precipitation', value=18.1, unit='mm'), station='Bielsko Biała', station_id='12600', measurement_time=datetime.datetime(2024, 4, 22, 7, 0, tzinfo=datetime.timezone.utc))
# ---
# name: test_weather_stations
  dict({
    '12001': 'Platforma',
    '12100': 'Kołobrzeg',
    '12105': 'Koszalin',
    '12115': 'Ustka',
    '12120': 'Łeba',
    '12125': 'Lębork',
    '12135': 'Hel',
    '12155': 'Gdańsk',
    '12160': 'Elbląg',
    '12185': 'Kętrzyn',
    '12195': 'Suwałki',
    '12200': 'Świnoujście',
    '12205': 'Szczecin',
    '12210': 'Resko',
    '12215': 'Szczecinek',
    '12230': 'Piła',
    '12235': 'Chojnice',
    '12250': 'Toruń',
    '12270': 'Mława',
    '12272': 'Olsztyn',
    '12280': 'Mikołajki',
    '12285': 'Ostrołęka',
    '12295': 'Białystok',
    '12300': 'Gorzów',
    '12310': 'Słubice',
    '12330': 'Poznań',
    '12345': 'Koło',
    '12360': 'Płock',
    '12375': 'Warszawa',
    '12385': 'Siedlce',
    '12399': 'Terespol',
    '12400': 'Zielona Góra',
    '12415': 'Legnica',
    '12418': 'Leszno',
    '12424': 'Wrocław',
    '12435': 'Kalisz',
    '12455': 'Wieluń',
    '12465': 'Łódź',
    '12469': 'Sulejów',
    '12488': 'Kozienice',
    '12495': 'Lublin',
    '12497': 'Włodawa',
    '12500': 'Jelenia Góra',
    '12510': 'Śnieżka',
    '12520': 'Kłodzko',
    '12530': 'Opole',
    '12540': 'Racibórz',
    '12550': 'Częstochowa',
    '12560': 'Katowice',
    '12566': 'Kraków',
    '12570': 'Kielce',
    '12575': 'Tarnów',
    '12580': 'Rzeszów',
    '12585': 'Sandomierz',
    '12595': 'Zamość',
    '12600': 'Bielsko Biała',
    '12625': 'Zakopane',
    '12650': 'Kasprowy Wierch',
    '12660': 'Nowy Sącz',
    '12670': 'Krosno',
    '12690': 'Lesko',
    '12695': 'Przemyśl',
  })
# ---
